<<<<<<< HEAD
{"HostConfigHash":"278a21f","CardHash":"ac1ecb3","Error":null}
=======
{"HostConfigHash":"66020f3","CardHash":"ac1ecb3","Error":null}
>>>>>>> master
