<<<<<<< HEAD
{"HostConfigHash":"278a21f","CardHash":"c87a6d2","Error":null}
=======
{"HostConfigHash":"66020f3","CardHash":"c87a6d2","Error":null}
>>>>>>> master
