<<<<<<< HEAD
{"HostConfigHash":"278a21f","CardHash":"f94df1b","Error":null}
=======
{"HostConfigHash":"66020f3","CardHash":"f94df1b","Error":null}
>>>>>>> master
