<<<<<<< HEAD
{"HostConfigHash":"278a21f","CardHash":"b22f980","Error":null}
=======
{"HostConfigHash":"66020f3","CardHash":"b22f980","Error":null}
>>>>>>> master
