<<<<<<< HEAD
{"HostConfigHash":"278a21f","CardHash":"3cddd0b","Error":null}
=======
{"HostConfigHash":"66020f3","CardHash":"3cddd0b","Error":null}
>>>>>>> master
