<<<<<<< HEAD
{"HostConfigHash":"278a21f","CardHash":"a026bff","Error":null}
=======
{"HostConfigHash":"66020f3","CardHash":"bb73c15","Error":null}
>>>>>>> master
