<<<<<<< HEAD
{"HostConfigHash":"9047d0d","CardHash":"f9dd806","Error":null}
=======
{"HostConfigHash":"671e492","CardHash":"cac36ae","Error":null}
>>>>>>> master
