<<<<<<< HEAD
{"HostConfigHash":"278a21f","CardHash":"8bb786a","Error":null}
=======
{"HostConfigHash":"66020f3","CardHash":"8bb786a","Error":null}
>>>>>>> master
