<<<<<<< HEAD
{"HostConfigHash":"278a21f","CardHash":"af2a291","Error":null}
=======
{"HostConfigHash":"66020f3","CardHash":"af2a291","Error":null}
>>>>>>> master
