<<<<<<< HEAD
{"HostConfigHash":"278a21f","CardHash":"c1ed90c","Error":null}
=======
{"HostConfigHash":"66020f3","CardHash":"c1ed90c","Error":null}
>>>>>>> master
