<<<<<<< HEAD
{"HostConfigHash":"278a21f","CardHash":"efee63e","Error":null}
=======
{"HostConfigHash":"66020f3","CardHash":"efee63e","Error":null}
>>>>>>> master
