<<<<<<< HEAD
{"HostConfigHash":"278a21f","CardHash":"1b3ff34","Error":null}
=======
{"HostConfigHash":"66020f3","CardHash":"1b3ff34","Error":null}
>>>>>>> master
