<<<<<<< HEAD
{"HostConfigHash":"9047d0d","CardHash":"f087406","Error":null}
=======
{"HostConfigHash":"671e492","CardHash":"c6bf7cb","Error":null}
>>>>>>> master
