<<<<<<< HEAD
{"HostConfigHash":"278a21f","CardHash":"3267b25","Error":null}
=======
{"HostConfigHash":"66020f3","CardHash":"3267b25","Error":null}
>>>>>>> master
