<<<<<<< HEAD
{"HostConfigHash":"278a21f","CardHash":"1d11db1","Error":null}
=======
{"HostConfigHash":"66020f3","CardHash":"1d11db1","Error":null}
>>>>>>> master
