<<<<<<< HEAD
{"HostConfigHash":"278a21f","CardHash":"e7fe835","Error":null}
=======
{"HostConfigHash":"66020f3","CardHash":"e7fe835","Error":null}
>>>>>>> master
