<<<<<<< HEAD
{"HostConfigHash":"278a21f","CardHash":"99100b6","Error":null}
=======
{"HostConfigHash":"66020f3","CardHash":"99100b6","Error":null}
>>>>>>> master
