<<<<<<< HEAD
{"HostConfigHash":"278a21f","CardHash":"36b713e","Error":null}
=======
{"HostConfigHash":"66020f3","CardHash":"36b713e","Error":null}
>>>>>>> master
