<<<<<<< HEAD
{"HostConfigHash":"278a21f","CardHash":"5f4bbf9","Error":null}
=======
{"HostConfigHash":"66020f3","CardHash":"5f4bbf9","Error":null}
>>>>>>> master
