<<<<<<< HEAD
{"HostConfigHash":"278a21f","CardHash":"e83b1de","Error":null}
=======
{"HostConfigHash":"66020f3","CardHash":"e83b1de","Error":null}
>>>>>>> master
