<<<<<<< HEAD
{"HostConfigHash":"278a21f","CardHash":"0fcc523","Error":null}
=======
{"HostConfigHash":"66020f3","CardHash":"0fcc523","Error":null}
>>>>>>> master
