<<<<<<< HEAD
{"HostConfigHash":"278a21f","CardHash":"1a344b3","Error":null}
=======
{"HostConfigHash":"66020f3","CardHash":"1a344b3","Error":null}
>>>>>>> master
