<<<<<<< HEAD
{"HostConfigHash":"278a21f","CardHash":"2536b71","Error":null}
=======
{"HostConfigHash":"66020f3","CardHash":"7ec316e","Error":null}
>>>>>>> master
