<<<<<<< HEAD
{"HostConfigHash":"278a21f","CardHash":"23ad7e9","Error":null}
=======
{"HostConfigHash":"66020f3","CardHash":"23ad7e9","Error":null}
>>>>>>> master
