<<<<<<< HEAD
{"HostConfigHash":"278a21f","CardHash":"c18bb1c","Error":null}
=======
{"HostConfigHash":"66020f3","CardHash":"93b67eb","Error":null}
>>>>>>> master
