<<<<<<< HEAD
{"HostConfigHash":"9047d0d","CardHash":"032bdb0","Error":null}
=======
{"HostConfigHash":"671e492","CardHash":"12028bf","Error":null}
>>>>>>> master
