<<<<<<< HEAD
{"HostConfigHash":"278a21f","CardHash":"63dcbaf","Error":null}
=======
{"HostConfigHash":"66020f3","CardHash":"63dcbaf","Error":null}
>>>>>>> master
