<<<<<<< HEAD
{"HostConfigHash":"278a21f","CardHash":"e27eac4","Error":null}
=======
{"HostConfigHash":"66020f3","CardHash":"e27eac4","Error":null}
>>>>>>> master
