<<<<<<< HEAD
{"HostConfigHash":"278a21f","CardHash":"8df42cd","Error":null}
=======
{"HostConfigHash":"66020f3","CardHash":"8df42cd","Error":null}
>>>>>>> master
