<<<<<<< HEAD
{"HostConfigHash":"278a21f","CardHash":"fe4e3ef","Error":null}
=======
{"HostConfigHash":"66020f3","CardHash":"fe4e3ef","Error":null}
>>>>>>> master
