<<<<<<< HEAD
{"HostConfigHash":"278a21f","CardHash":"7518ad7","Error":null}
=======
{"HostConfigHash":"66020f3","CardHash":"7518ad7","Error":null}
>>>>>>> master
