<<<<<<< HEAD
{"HostConfigHash":"278a21f","CardHash":"4440f1a","Error":null}
=======
{"HostConfigHash":"66020f3","CardHash":"4440f1a","Error":null}
>>>>>>> master
