<<<<<<< HEAD
{"HostConfigHash":"9047d0d","CardHash":"66a2e80","Error":null}
=======
{"HostConfigHash":"671e492","CardHash":"be9fb81","Error":null}
>>>>>>> master
