<<<<<<< HEAD
{"HostConfigHash":"278a21f","CardHash":"64f891e","Error":null}
=======
{"HostConfigHash":"66020f3","CardHash":"64f891e","Error":null}
>>>>>>> master
