<<<<<<< HEAD
{"HostConfigHash":"278a21f","CardHash":"f7d5cd5","Error":null}
=======
{"HostConfigHash":"66020f3","CardHash":"f7d5cd5","Error":null}
>>>>>>> master
