<<<<<<< HEAD
{"HostConfigHash":"278a21f","CardHash":"743cd57","Error":null}
=======
{"HostConfigHash":"66020f3","CardHash":"743cd57","Error":null}
>>>>>>> master
