<<<<<<< HEAD
{"HostConfigHash":"9047d0d","CardHash":"094253a","Error":null}
=======
{"HostConfigHash":"671e492","CardHash":"cb5ab69","Error":null}
>>>>>>> master
