<<<<<<< HEAD
{"HostConfigHash":"278a21f","CardHash":"7530c3a","Error":null}
=======
{"HostConfigHash":"66020f3","CardHash":"7530c3a","Error":null}
>>>>>>> master
