<<<<<<< HEAD
{"HostConfigHash":"278a21f","CardHash":"a22e929","Error":null}
=======
{"HostConfigHash":"66020f3","CardHash":"a22e929","Error":null}
>>>>>>> master
