<<<<<<< HEAD
{"HostConfigHash":"9047d0d","CardHash":"a026bff","Error":null}
=======
{"HostConfigHash":"671e492","CardHash":"bb73c15","Error":null}
>>>>>>> master
