<<<<<<< HEAD
{"HostConfigHash":"278a21f","CardHash":"e7bd5de","Error":null}
=======
{"HostConfigHash":"66020f3","CardHash":"e7bd5de","Error":null}
>>>>>>> master
