<<<<<<< HEAD
{"HostConfigHash":"278a21f","CardHash":"638d85d","Error":null}
=======
{"HostConfigHash":"66020f3","CardHash":"638d85d","Error":null}
>>>>>>> master
