<<<<<<< HEAD
{"HostConfigHash":"278a21f","CardHash":"cf4b761","Error":null}
=======
{"HostConfigHash":"66020f3","CardHash":"cf4b761","Error":null}
>>>>>>> master
