<<<<<<< HEAD
{"HostConfigHash":"278a21f","CardHash":"ec60682","Error":null}
=======
{"HostConfigHash":"66020f3","CardHash":"ec60682","Error":null}
>>>>>>> master
