<<<<<<< HEAD
{"HostConfigHash":"278a21f","CardHash":"800aab3","Error":null}
=======
{"HostConfigHash":"66020f3","CardHash":"800aab3","Error":null}
>>>>>>> master
