<<<<<<< HEAD
{"HostConfigHash":"278a21f","CardHash":"094253a","Error":null}
=======
{"HostConfigHash":"66020f3","CardHash":"cb5ab69","Error":null}
>>>>>>> master
