<<<<<<< HEAD
{"HostConfigHash":"278a21f","CardHash":"f0155ff","Error":null}
=======
{"HostConfigHash":"66020f3","CardHash":"f0155ff","Error":null}
>>>>>>> master
