<<<<<<< HEAD
{"HostConfigHash":"278a21f","CardHash":"7774b48","Error":null}
=======
{"HostConfigHash":"66020f3","CardHash":"7774b48","Error":null}
>>>>>>> master
