<<<<<<< HEAD
{"HostConfigHash":"278a21f","CardHash":"3167238","Error":null}
=======
{"HostConfigHash":"66020f3","CardHash":"3167238","Error":null}
>>>>>>> master
